Archive member included to satisfy reference by file (symbol)

D:/ST/STM32CubeIDE_1.13.2/STM32CubeIDE/plugins/com.st.stm32cube.ide.mcu.externaltools.gnu-tools-for-stm32.11.3.rel1.win32_1.1.1.202309131626/tools/bin/../lib/gcc/arm-none-eabi/11.3.1/../../../../arm-none-eabi/lib/thumb/v7e-m+fp/hard\libc_nano.a(libc_a-exit.o)
                              D:/ST/STM32CubeIDE_1.13.2/STM32CubeIDE/plugins/com.st.stm32cube.ide.mcu.externaltools.gnu-tools-for-stm32.11.3.rel1.win32_1.1.1.202309131626/tools/bin/../lib/gcc/arm-none-eabi/11.3.1/../../../../arm-none-eabi/lib/thumb/v7e-m+fp/hard/crt0.o (exit)
D:/ST/STM32CubeIDE_1.13.2/STM32CubeIDE/plugins/com.st.stm32cube.ide.mcu.externaltools.gnu-tools-for-stm32.11.3.rel1.win32_1.1.1.202309131626/tools/bin/../lib/gcc/arm-none-eabi/11.3.1/../../../../arm-none-eabi/lib/thumb/v7e-m+fp/hard\libc_nano.a(libc_a-findfp.o)
                              D:/ST/STM32CubeIDE_1.13.2/STM32CubeIDE/plugins/com.st.stm32cube.ide.mcu.externaltools.gnu-tools-for-stm32.11.3.rel1.win32_1.1.1.202309131626/tools/bin/../lib/gcc/arm-none-eabi/11.3.1/../../../../arm-none-eabi/lib/thumb/v7e-m+fp/hard\libc_nano.a(libc_a-exit.o) (__stdio_exit_handler)
D:/ST/STM32CubeIDE_1.13.2/STM32CubeIDE/plugins/com.st.stm32cube.ide.mcu.externaltools.gnu-tools-for-stm32.11.3.rel1.win32_1.1.1.202309131626/tools/bin/../lib/gcc/arm-none-eabi/11.3.1/../../../../arm-none-eabi/lib/thumb/v7e-m+fp/hard\libc_nano.a(libc_a-fwalk.o)
                              D:/ST/STM32CubeIDE_1.13.2/STM32CubeIDE/plugins/com.st.stm32cube.ide.mcu.externaltools.gnu-tools-for-stm32.11.3.rel1.win32_1.1.1.202309131626/tools/bin/../lib/gcc/arm-none-eabi/11.3.1/../../../../arm-none-eabi/lib/thumb/v7e-m+fp/hard\libc_nano.a(libc_a-findfp.o) (_fwalk_sglue)
D:/ST/STM32CubeIDE_1.13.2/STM32CubeIDE/plugins/com.st.stm32cube.ide.mcu.externaltools.gnu-tools-for-stm32.11.3.rel1.win32_1.1.1.202309131626/tools/bin/../lib/gcc/arm-none-eabi/11.3.1/../../../../arm-none-eabi/lib/thumb/v7e-m+fp/hard\libc_nano.a(libc_a-stdio.o)
                              D:/ST/STM32CubeIDE_1.13.2/STM32CubeIDE/plugins/com.st.stm32cube.ide.mcu.externaltools.gnu-tools-for-stm32.11.3.rel1.win32_1.1.1.202309131626/tools/bin/../lib/gcc/arm-none-eabi/11.3.1/../../../../arm-none-eabi/lib/thumb/v7e-m+fp/hard\libc_nano.a(libc_a-findfp.o) (__sread)
D:/ST/STM32CubeIDE_1.13.2/STM32CubeIDE/plugins/com.st.stm32cube.ide.mcu.externaltools.gnu-tools-for-stm32.11.3.rel1.win32_1.1.1.202309131626/tools/bin/../lib/gcc/arm-none-eabi/11.3.1/../../../../arm-none-eabi/lib/thumb/v7e-m+fp/hard\libc_nano.a(libc_a-memset.o)
                              D:/ST/STM32CubeIDE_1.13.2/STM32CubeIDE/plugins/com.st.stm32cube.ide.mcu.externaltools.gnu-tools-for-stm32.11.3.rel1.win32_1.1.1.202309131626/tools/bin/../lib/gcc/arm-none-eabi/11.3.1/../../../../arm-none-eabi/lib/thumb/v7e-m+fp/hard/crt0.o (memset)
D:/ST/STM32CubeIDE_1.13.2/STM32CubeIDE/plugins/com.st.stm32cube.ide.mcu.externaltools.gnu-tools-for-stm32.11.3.rel1.win32_1.1.1.202309131626/tools/bin/../lib/gcc/arm-none-eabi/11.3.1/../../../../arm-none-eabi/lib/thumb/v7e-m+fp/hard\libc_nano.a(libc_a-closer.o)
                              D:/ST/STM32CubeIDE_1.13.2/STM32CubeIDE/plugins/com.st.stm32cube.ide.mcu.externaltools.gnu-tools-for-stm32.11.3.rel1.win32_1.1.1.202309131626/tools/bin/../lib/gcc/arm-none-eabi/11.3.1/../../../../arm-none-eabi/lib/thumb/v7e-m+fp/hard\libc_nano.a(libc_a-stdio.o) (_close_r)
D:/ST/STM32CubeIDE_1.13.2/STM32CubeIDE/plugins/com.st.stm32cube.ide.mcu.externaltools.gnu-tools-for-stm32.11.3.rel1.win32_1.1.1.202309131626/tools/bin/../lib/gcc/arm-none-eabi/11.3.1/../../../../arm-none-eabi/lib/thumb/v7e-m+fp/hard\libc_nano.a(libc_a-reent.o)
                              D:/ST/STM32CubeIDE_1.13.2/STM32CubeIDE/plugins/com.st.stm32cube.ide.mcu.externaltools.gnu-tools-for-stm32.11.3.rel1.win32_1.1.1.202309131626/tools/bin/../lib/gcc/arm-none-eabi/11.3.1/../../../../arm-none-eabi/lib/thumb/v7e-m+fp/hard\libc_nano.a(libc_a-closer.o) (errno)
D:/ST/STM32CubeIDE_1.13.2/STM32CubeIDE/plugins/com.st.stm32cube.ide.mcu.externaltools.gnu-tools-for-stm32.11.3.rel1.win32_1.1.1.202309131626/tools/bin/../lib/gcc/arm-none-eabi/11.3.1/../../../../arm-none-eabi/lib/thumb/v7e-m+fp/hard\libc_nano.a(libc_a-impure.o)
                              D:/ST/STM32CubeIDE_1.13.2/STM32CubeIDE/plugins/com.st.stm32cube.ide.mcu.externaltools.gnu-tools-for-stm32.11.3.rel1.win32_1.1.1.202309131626/tools/bin/../lib/gcc/arm-none-eabi/11.3.1/../../../../arm-none-eabi/lib/thumb/v7e-m+fp/hard\libc_nano.a(libc_a-reent.o) (_impure_ptr)
D:/ST/STM32CubeIDE_1.13.2/STM32CubeIDE/plugins/com.st.stm32cube.ide.mcu.externaltools.gnu-tools-for-stm32.11.3.rel1.win32_1.1.1.202309131626/tools/bin/../lib/gcc/arm-none-eabi/11.3.1/../../../../arm-none-eabi/lib/thumb/v7e-m+fp/hard\libc_nano.a(libc_a-lseekr.o)
[...]
Memory Configuration

Name             Origin             Length             Attributes
CCMRAM           0x0000000010000000 0x0000000000010000 xrw
RAM              0x0000000020000000 0x0000000000020000 xrw
FLASH            0x0000000008000000 0x0000000000080000 xr
*default*        0x0000000000000000 0xffffffffffffffff

Linker script and memory map

LOAD D:/ST/STM32CubeIDE_1.13.2/STM32CubeIDE/plugins/com.st.stm32cube.ide.mcu.externaltools.gnu-tools-for-stm32.11.3.rel1.win32_1.1.1.202309131626/tools/bin/../lib/gcc/arm-none-eabi/11.3.1/thumb/v7e-m+fp/hard/crti.o
LOAD D:/ST/STM32CubeIDE_1.13.2/STM32CubeIDE/plugins/com.st.stm32cube.ide.mcu.externaltools.gnu-tools-for-stm32.11.3.rel1.win32_1.1.1.202309131626/tools/bin/../lib/gcc/arm-none-eabi/11.3.1/thumb/v7e-m+fp/hard/crtbegin.o
LOAD D:/ST/STM32CubeIDE_1.13.2/STM32CubeIDE/plugins/com.st.stm32cube.ide.mcu.externaltools.gnu-tools-for-stm32.11.3.rel1.win32_1.1.1.202309131626/tools/bin/../lib/gcc/arm-none-eabi/11.3.1/../../../../arm-none-eabi/lib/thumb/v7e-m+fp/hard/crt0.o
LOAD ./CAN/CAN.o
LOAD ./DMA/DMA.o
LOAD ./GPIO/GPIO.o
LOAD ./I2C/I2C.o
LOAD ./SPI/SPI.o
LOAD ./Src/main.o
LOAD ./Src/syscalls.o
LOAD ./Src/sysmem.o
LOAD ./Src/system_stm32f4xx.o
LOAD ./Startup/startup_stm32f407vetx.o
LOAD ./Timer/Timer.o
LOAD ./USART/USART.o
START GROUP
LOAD D:/ST/STM32CubeIDE_1.13.2/STM32CubeIDE/plugins/com.st.stm32cube.ide.mcu.externaltools.gnu-tools-for-stm32.11.3.rel1.win32_1.1.1.202309131626/tools/bin/../lib/gcc/arm-none-eabi/11.3.1/../../../../arm-none-eabi/lib/thumb/v7e-m+fp/hard\libc_nano.a
LOAD D:/ST/STM32CubeIDE_1.13.2/STM32CubeIDE/plugins/com.st.stm32cube.ide.mcu.externaltools.gnu-tools-for-stm32.11.3.rel1.win32_1.1.1.202309131626/tools/bin/../lib/gcc/arm-none-eabi/11.3.1/../../../../arm-none-eabi/lib/thumb/v7e-m+fp/hard\libm.a
END GROUP
START GROUP
LOAD D:/ST/STM32CubeIDE_1.13.2/STM32CubeIDE/plugins/com.st.stm32cube.ide.mcu.externaltools.gnu-tools-for-stm32.11.3.rel1.win32_1.1.1.202309131626/tools/bin/../lib/gcc/arm-none-eabi/11.3.1/thumb/v7e-m+fp/hard\libgcc.a
LOAD D:/ST/STM32CubeIDE_1.13.2/STM32CubeIDE/plugins/com.st.stm32cube.ide.mcu.externaltools.gnu-tools-for-stm32.11.3.rel1.win32_1.1.1.202309131626/tools/bin/../lib/gcc/arm-none-eabi/11.3.1/../../../../arm-none-eabi/lib/thumb/v7e-m+fp/hard\libc_nano.a
END GROUP
START GROUP
LOAD D:/ST/STM32CubeIDE_1.13.2/STM32CubeIDE/plugins/com.st.stm32cube.ide.mcu.externaltools.gnu-tools-for-stm32.11.3.rel1.win32_1.1.1.202309131626/tools/bin/../lib/gcc/arm-none-eabi/11.3.1/thumb/v7e-m+fp/hard\libgcc.a
LOAD D:/ST/STM32CubeIDE_1.13.2/STM32CubeIDE/plugins/com.st.stm32cube.ide.mcu.externaltools.gnu-tools-for-stm32.11.3.rel1.win32_1.1.1.202309131626/tools/bin/../lib/gcc/arm-none-eabi/11.3.1/../../../../arm-none-eabi/lib/thumb/v7e-m+fp/hard\libc_nano.a
LOAD D:/ST/STM32CubeIDE_1.13.2/STM32CubeIDE/plugins/com.st.stm32cube.ide.mcu.externaltools.gnu-tools-for-stm32.11.3.rel1.win32_1.1.1.202309131626/tools/bin/../lib/gcc/arm-none-eabi/11.3.1/../../../../arm-none-eabi/lib/thumb/v7e-m+fp/hard\libnosys.a
END GROUP
START GROUP
LOAD D:/ST/STM32CubeIDE_1.13.2/STM32CubeIDE/plugins/com.st.stm32cube.ide.mcu.externaltools.gnu-tools-for-stm32.11.3.rel1.win32_1.1.1.202309131626/tools/bin/../lib/gcc/arm-none-eabi/11.3.1/thumb/v7e-m+fp/hard\libgcc.a
LOAD D:/ST/STM32CubeIDE_1.13.2/STM32CubeIDE/plugins/com.st.stm32cube.ide.mcu.externaltools.gnu-tools-for-stm32.11.3.rel1.win32_1.1.1.202309131626/tools/bin/../lib/gcc/arm-none-eabi/11.3.1/../../../../arm-none-eabi/lib/thumb/v7e-m+fp/hard\libc_nano.a
LOAD D:/ST/STM32CubeIDE_1.13.2/STM32CubeIDE/plugins/com.st.stm32cube.ide.mcu.externaltools.gnu-tools-for-stm32.11.3.rel1.win32_1.1.1.202309131626/tools/bin/../lib/gcc/arm-none-eabi/11.3.1/../../../../arm-none-eabi/lib/thumb/v7e-m+fp/hard\libnosys.a
END GROUP
LOAD D:/ST/STM32CubeIDE_1.13.2/STM32CubeIDE/plugins/com.st.stm32cube.ide.mcu.externaltools.gnu-tools-for-stm32.11.3.rel1.win32_1.1.1.202309131626/tools/bin/../lib/gcc/arm-none-eabi/11.3.1/thumb/v7e-m+fp/hard/crtend.o
LOAD D:/ST/STM32CubeIDE_1.13.2/STM32CubeIDE/plugins/com.st.stm32cube.ide.mcu.externaltools.gnu-tools-for-stm32.11.3.rel1.win32_1.1.1.202309131626/tools/bin/../lib/gcc/arm-none-eabi/11.3.1/thumb/v7e-m+fp/hard/crtn.o
                0x0000000020020000                _estack = (ORIGIN (RAM) + LENGTH (RAM))
                0x0000000000000200                _Min_Heap_Size = 0x200
                0x0000000000000400                _Min_Stack_Size = 0x400

.isr_vector     0x0000000008000000      0x1a8
                0x0000000008000000                . = ALIGN (0x4)
 *(.isr_vector)
 .isr_vector    0x0000000008000000      0x1a8 ./Startup/startup_stm32f407vetx.o
                0x0000000008000000                g_pfnVectors
                0x00000000080001a8                . = ALIGN (0x4)

.text           0x00000000080001a8     0x14dc
                0x00000000080001a8                . = ALIGN (0x4)
 *(.text)
 .text          0x00000000080001a8       0x40 D:/ST/STM32CubeIDE_1.13.2/STM32CubeIDE/plugins/com.st.stm32cube.ide.mcu.externaltools.gnu-tools-for-stm32.11.3.rel1.win32_1.1.1.202309131626/tools/bin/../lib/gcc/arm-none-eabi/11.3.1/thumb/v7e-m+fp/hard/crtbegin.o
 *(.text*)
 .text.CAN1_TX_IRQHandler
                0x00000000080001e8        0xe ./CAN/CAN.o
                0x00000000080001e8                CAN1_TX_IRQHandler
 .text.CAN1_RX0_IRQHandler
                0x00000000080001f6        0xe ./CAN/CAN.o
                0x00000000080001f6                CAN1_RX0_IRQHandler
 .text.CAN1_RX1_IRQHandler
                0x0000000008000204        0xe ./CAN/CAN.o
                0x0000000008000204                CAN1_RX1_IRQHandler
 .text.CAN1_SCE_IRQHandler
                0x0000000008000212        0xe ./CAN/CAN.o
                0x0000000008000212                CAN1_SCE_IRQHandler
 .text.CAN2_TX_IRQHandler
                0x0000000008000220        0xe ./CAN/CAN.o
                0x0000000008000220                CAN2_TX_IRQHandler
 .text.CAN2_RX0_IRQHandler
                0x000000000800022e        0xe ./CAN/CAN.o
                0x000000000800022e                CAN2_RX0_IRQHandler
 .text.CAN2_RX1_IRQHandler
                0x000000000800023c        0xe ./CAN/CAN.o
                0x000000000800023c                CAN2_RX1_IRQHandler
 .text.CAN2_SCE_IRQHandler
                0x000000000800024a        0xe ./CAN/CAN.o
                0x000000000800024a                CAN2_SCE_IRQHandler
 .text.DMA_Clock_Enable
                0x0000000008000258       0x4c ./DMA/DMA.o
                0x0000000008000258                DMA_Clock_Enable
 .text.DMA_Init
                0x00000000080002a4       0xb8 ./DMA/DMA.o
                0x00000000080002a4                DMA_Init
 .text.DMA_Set_Target
                0x000000000800035c       0x32 ./DMA/DMA.o
                0x000000000800035c                DMA_Set_Target
 *fill*         0x000000000800038e        0x2 
 .text.GPIO_Clock_Enable
                0x0000000008000390       0xbc ./GPIO/GPIO.o
                0x0000000008000390                GPIO_Clock_Enable
 .text.GPIO_Pin_Init
                0x000000000800044c       0xa8 ./GPIO/GPIO.o
                0x000000000800044c                GPIO_Pin_Init
 .text.SPI_Clock_Enable
                0x00000000080004f4       0x74 ./SPI/SPI.o
                0x00000000080004f4                SPI_Clock_Enable
 .text.SPI_Config_Reset
                0x0000000008000568       0xc8 ./SPI/SPI.o
                0x0000000008000568                SPI_Config_Reset
 .text.SPI_Pin  0x0000000008000630      0x858 ./SPI/SPI.o
 .text.SPI_Init
                0x0000000008000e88      0x374 ./SPI/SPI.o
                0x0000000008000e88                SPI_Init
 .text.__NVIC_SetPriority
                0x00000000080011fc       0x54 ./Src/main.o
 .text.SysTick_Config
                0x0000000008001250       0x44 ./Src/main.o
 .text.MCU_Clock_Setup
                0x0000000008001294      0x120 ./Src/main.o
 .text.Delay_Config
                0x00000000080013b4       0x30 ./Src/main.o
 .text.main     0x00000000080013e4       0xc8 ./Src/main.o
                0x00000000080013e4                main
 .text.SystemInit
                0x00000000080014ac       0x24 ./Src/system_stm32f4xx.o
                0x00000000080014ac                SystemInit
 .text.SystemCoreClockUpdate
                0x00000000080014d0      0x100 ./Src/system_stm32f4xx.o
                0x00000000080014d0                SystemCoreClockUpdate
 .text.Reset_Handler
                0x00000000080015d0       0x50 ./Startup/startup_stm32f407vetx.o
                0x00000000080015d0                Reset_Handler
 .text.Default_Handler
                0x0000000008001620        0x2 ./Startup/startup_stm32f407vetx.o
                0x0000000008001620                RTC_Alarm_IRQHandler
                0x0000000008001620                HASH_RNG_IRQHandler
                0x0000000008001620                EXTI2_IRQHandler
                0x0000000008001620                TIM8_CC_IRQHandler
                0x0000000008001620                DebugMon_Handler
                0x0000000008001620                TIM1_CC_IRQHandler
                0x0000000008001620                DMA2_Stream5_IRQHandler
                0x0000000008001620                HardFault_Handler
                0x0000000008001620                DMA1_Stream5_IRQHandler
                0x0000000008001620                SysTick_Handler
                0x0000000008001620                PVD_IRQHandler
                0x0000000008001620                SDIO_IRQHandler
                0x0000000008001620                TAMP_STAMP_IRQHandler
                0x0000000008001620                PendSV_Handler
                0x0000000008001620                NMI_Handler
                0x0000000008001620                EXTI3_IRQHandler
                0x0000000008001620                TIM8_TRG_COM_TIM14_IRQHandler
                0x0000000008001620                TIM1_UP_TIM10_IRQHandler
                0x0000000008001620                TIM8_UP_TIM13_IRQHandler
                0x0000000008001620                I2C3_ER_IRQHandler
                0x0000000008001620                LCD_TFT_IRQHandler
                0x0000000008001620                EXTI0_IRQHandler
                0x0000000008001620                I2C2_EV_IRQHandler
                0x0000000008001620                DMA1_Stream2_IRQHandler
                0x0000000008001620                FPU_IRQHandler
                0x0000000008001620                OTG_HS_WKUP_IRQHandler
                0x0000000008001620                UsageFault_Handler
                0x0000000008001620                DMA2_Stream2_IRQHandler
                0x0000000008001620                SPI1_IRQHandler
                0x0000000008001620                TIM6_DAC_IRQHandler
                0x0000000008001620                TIM1_BRK_TIM9_IRQHandler
                0x0000000008001620                DCMI_IRQHandler
                0x0000000008001620                DMA2_Stream3_IRQHandler
                0x0000000008001620                USART6_IRQHandler
                0x0000000008001620                USART3_IRQHandler
                0x0000000008001620                CRYP_IRQHandler
                0x0000000008001620                UART5_IRQHandler
                0x0000000008001620                DMA2_Stream0_IRQHandler
                0x0000000008001620                TIM4_IRQHandler
                0x0000000008001620                I2C1_EV_IRQHandler
                0x0000000008001620                DMA1_Stream6_IRQHandler
                0x0000000008001620                DMA1_Stream1_IRQHandler
                0x0000000008001620                UART4_IRQHandler
                0x0000000008001620                LCD_TFT_1_IRQHandler
                0x0000000008001620                TIM3_IRQHandler
                0x0000000008001620                RCC_IRQHandler
                0x0000000008001620                TIM8_BRK_TIM12_IRQHandler
                0x0000000008001620                Default_Handler
                0x0000000008001620                EXTI15_10_IRQHandler
                0x0000000008001620                ADC_IRQHandler
                0x0000000008001620                DMA1_Stream7_IRQHandler
                0x0000000008001620                TIM7_IRQHandler
                0x0000000008001620                TIM5_IRQHandler
                0x0000000008001620                DMA2_Stream7_IRQHandler
                0x0000000008001620                I2C3_EV_IRQHandler
                0x0000000008001620                EXTI9_5_IRQHandler
                0x0000000008001620                RTC_WKUP_IRQHandler
                0x0000000008001620                ETH_WKUP_IRQHandler
                0x0000000008001620                SPI2_IRQHandler
                0x0000000008001620                OTG_HS_EP1_IN_IRQHandler
                0x0000000008001620                MemManage_Handler
                0x0000000008001620                DMA1_Stream0_IRQHandler
                0x0000000008001620                SVC_Handler
                0x0000000008001620                EXTI4_IRQHandler
                0x0000000008001620                FSMC_IRQHandler
                0x0000000008001620                ETH_IRQHandler
                0x0000000008001620                OTG_HS_EP1_OUT_IRQHandler
                0x0000000008001620                WWDG_IRQHandler
                0x0000000008001620                TIM2_IRQHandler
                0x0000000008001620                OTG_FS_WKUP_IRQHandler
                0x0000000008001620                TIM1_TRG_COM_TIM11_IRQHandler
                0x0000000008001620                OTG_HS_IRQHandler
                0x0000000008001620                EXTI1_IRQHandler
                0x0000000008001620                USART2_IRQHandler
                0x0000000008001620                I2C2_ER_IRQHandler
                0x0000000008001620                DMA2_Stream1_IRQHandler
                0x0000000008001620                DMA2_Stream4_IRQHandler
                0x0000000008001620                BusFault_Handler
                0x0000000008001620                USART1_IRQHandler
                0x0000000008001620                OTG_FS_IRQHandler
                0x0000000008001620                SPI3_IRQHandler
                0x0000000008001620                DMA1_Stream4_IRQHandler
                0x0000000008001620                I2C1_ER_IRQHandler
                0x0000000008001620                DMA2_Stream6_IRQHandler
                0x0000000008001620                DMA1_Stream3_IRQHandler
 *fill*         0x0000000008001622        0x2 
 .text.__libc_init_array
                0x0000000008001624       0x48 D:/ST/STM32CubeIDE_1.13.2/STM32CubeIDE/plugins/com.st.stm32cube.ide.mcu.externaltools.gnu-tools-for-stm32.11.3.rel1.win32_1.1.1.202309131626/tools/bin/../lib/gcc/arm-none-eabi/11.3.1/../../../../arm-none-eabi/lib/thumb/v7e-m+fp/hard\libc_nano.a(libc_a-init.o)
                0x0000000008001624                __libc_init_array
 *(.glue_7)
 .glue_7        0x000000000800166c        0x0 linker stubs
 *(.glue_7t)
 .glue_7t       0x000000000800166c        0x0 linker stubs
 *(.eh_frame)
 .eh_frame      0x000000000800166c        0x0 D:/ST/STM32CubeIDE_1.13.2/STM32CubeIDE/plugins/com.st.stm32cube.ide.mcu.externaltools.gnu-tools-for-stm32.11.3.rel1.win32_1.1.1.202309131626/tools/bin/../lib/gcc/arm-none-eabi/11.3.1/thumb/v7e-m+fp/hard/crtbegin.o
 *(.init)
 .init          0x000000000800166c        0x4 D:/ST/STM32CubeIDE_1.13.2/STM32CubeIDE/plugins/com.st.stm32cube.ide.mcu.externaltools.gnu-tools-for-stm32.11.3.rel1.win32_1.1.1.202309131626/tools/bin/../lib/gcc/arm-none-eabi/11.3.1/thumb/v7e-m+fp/hard/crti.o
                0x000000000800166c                _init
 .init          0x0000000008001670        0x8 D:/ST/STM32CubeIDE_1.13.2/STM32CubeIDE/plugins/com.st.stm32cube.ide.mcu.externaltools.gnu-tools-for-stm32.11.3.rel1.win32_1.1.1.202309131626/tools/bin/../lib/gcc/arm-none-eabi/11.3.1/thumb/v7e-m+fp/hard/crtn.o
 *(.fini)
 .fini          0x0000000008001678        0x4 D:/ST/STM32CubeIDE_1.13.2/STM32CubeIDE/plugins/com.st.stm32cube.ide.mcu.externaltools.gnu-tools-for-stm32.11.3.rel1.win32_1.1.1.202309131626/tools/bin/../lib/gcc/arm-none-eabi/11.3.1/thumb/v7e-m+fp/hard/crti.o
                0x0000000008001678                _fini
 .fini          0x000000000800167c        0x8 D:/ST/STM32CubeIDE_1.13.2/STM32CubeIDE/plugins/com.st.stm32cube.ide.mcu.externaltools.gnu-tools-for-stm32.11.3.rel1.win32_1.1.1.202309131626/tools/bin/../lib/gcc/arm-none-eabi/11.3.1/thumb/v7e-m+fp/hard/crtn.o
                0x0000000008001684                . = ALIGN (0x4)
                0x0000000008001684                _etext = .

.vfp11_veneer   0x0000000008001684        0x0
 .vfp11_veneer  0x0000000008001684        0x0 linker stubs

.v4_bx          0x0000000008001684        0x0
 .v4_bx         0x0000000008001684        0x0 linker stubs

.iplt           0x0000000008001684        0x0
 .iplt          0x0000000008001684        0x0 D:/ST/STM32CubeIDE_1.13.2/STM32CubeIDE/plugins/com.st.stm32cube.ide.mcu.externaltools.gnu-tools-for-stm32.11.3.rel1.win32_1.1.1.202309131626/tools/bin/../lib/gcc/arm-none-eabi/11.3.1/thumb/v7e-m+fp/hard/crtbegin.o

.rodata         0x0000000008001684       0x18
                0x0000000008001684                . = ALIGN (0x4)
 *(.rodata)
 *(.rodata*)
 .rodata.array  0x0000000008001684        0x5 ./Src/main.o
                0x0000000008001684                array
 *fill*         0x0000000008001689        0x3 
 .rodata.AHBPrescTable
                0x000000000800168c       0x10 ./Src/system_stm32f4xx.o
                0x000000000800168c                AHBPrescTable
                0x000000000800169c                . = ALIGN (0x4)

.rel.dyn        0x000000000800169c        0x0
 .rel.iplt      0x000000000800169c        0x0 D:/ST/STM32CubeIDE_1.13.2/STM32CubeIDE/plugins/com.st.stm32cube.ide.mcu.externaltools.gnu-tools-for-stm32.11.3.rel1.win32_1.1.1.202309131626/tools/bin/../lib/gcc/arm-none-eabi/11.3.1/thumb/v7e-m+fp/hard/crtbegin.o

.ARM.extab      0x000000000800169c        0x0
                0x000000000800169c                . = ALIGN (0x4)
 *(.ARM.extab* .gnu.linkonce.armextab.*)
                0x000000000800169c                . = ALIGN (0x4)

.ARM            0x000000000800169c        0x0
                0x000000000800169c                . = ALIGN (0x4)
                0x000000000800169c                __exidx_start = .
 *(.ARM.exidx*)
                0x000000000800169c                __exidx_end = .
                0x000000000800169c                . = ALIGN (0x4)

.preinit_array  0x000000000800169c        0x0
                0x000000000800169c                . = ALIGN (0x4)
                0x000000000800169c                PROVIDE (__preinit_array_start = .)
 *(.preinit_array*)
                0x000000000800169c                PROVIDE (__preinit_array_end = .)
                0x000000000800169c                . = ALIGN (0x4)

.init_array     0x000000000800169c        0x4
                0x000000000800169c                . = ALIGN (0x4)
                0x000000000800169c                PROVIDE (__init_array_start = .)
 *(SORT_BY_NAME(.init_array.*))
 *(.init_array*)
 .init_array    0x000000000800169c        0x4 D:/ST/STM32CubeIDE_1.13.2/STM32CubeIDE/plugins/com.st.stm32cube.ide.mcu.externaltools.gnu-tools-for-stm32.11.3.rel1.win32_1.1.1.202309131626/tools/bin/../lib/gcc/arm-none-eabi/11.3.1/thumb/v7e-m+fp/hard/crtbegin.o
                0x00000000080016a0                PROVIDE (__init_array_end = .)
                0x00000000080016a0                . = ALIGN (0x4)

.fini_array     0x00000000080016a0        0x4
                0x00000000080016a0                . = ALIGN (0x4)
                [!provide]                        PROVIDE (__fini_array_start = .)
 *(SORT_BY_NAME(.fini_array.*))
 *(.fini_array*)
 .fini_array    0x00000000080016a0        0x4 D:/ST/STM32CubeIDE_1.13.2/STM32CubeIDE/plugins/com.st.stm32cube.ide.mcu.externaltools.gnu-tools-for-stm32.11.3.rel1.win32_1.1.1.202309131626/tools/bin/../lib/gcc/arm-none-eabi/11.3.1/thumb/v7e-m+fp/hard/crtbegin.o
                [!provide]                        PROVIDE (__fini_array_end = .)
                0x00000000080016a4                . = ALIGN (0x4)
                0x00000000080016a4                _sidata = LOADADDR (.data)

.data           0x0000000020000000        0x4 load address 0x00000000080016a4
                0x0000000020000000                . = ALIGN (0x4)
                0x0000000020000000                _sdata = .
 *(.data)
 *(.data*)
 .data.SystemCoreClock
                0x0000000020000000        0x4 ./Src/system_stm32f4xx.o
                0x0000000020000000                SystemCoreClock
 *(.RamFunc)
 *(.RamFunc*)
                0x0000000020000004                . = ALIGN (0x4)
                0x0000000020000004                _edata = .
                0x00000000080016a8                _siccmram = LOADADDR (.ccmram)

.igot.plt       0x0000000020000004        0x0 load address 0x00000000080016a8
 .igot.plt      0x0000000020000004        0x0 D:/ST/STM32CubeIDE_1.13.2/STM32CubeIDE/plugins/com.st.stm32cube.ide.mcu.externaltools.gnu-tools-for-stm32.11.3.rel1.win32_1.1.1.202309131626/tools/bin/../lib/gcc/arm-none-eabi/11.3.1/thumb/v7e-m+fp/hard/crtbegin.o

.ccmram         0x0000000010000000        0x0 load address 0x00000000080016a8
                0x0000000010000000                . = ALIGN (0x4)
                0x0000000010000000                _sccmram = .
 *(.ccmram)
 *(.ccmram*)
                0x0000000010000000                . = ALIGN (0x4)
                0x0000000010000000                _eccmram = .
                0x0000000010000000                . = ALIGN (0x4)

.bss            0x0000000020000004       0xe0
                0x0000000020000004                _sbss = .
                0x0000000020000004                __bss_start__ = _sbss
 *(.bss)
 .bss           0x0000000020000004       0x1c D:/ST/STM32CubeIDE_1.13.2/STM32CubeIDE/plugins/com.st.stm32cube.ide.mcu.externaltools.gnu-tools-for-stm32.11.3.rel1.win32_1.1.1.202309131626/tools/bin/../lib/gcc/arm-none-eabi/11.3.1/thumb/v7e-m+fp/hard/crtbegin.o
 *(.bss*)
 .bss.xDMA_TX   0x0000000020000020       0x34 ./SPI/SPI.o
                0x0000000020000020                xDMA_TX
 .bss.xDMA_RX   0x0000000020000054       0x34 ./SPI/SPI.o
                0x0000000020000054                xDMA_RX
 .bss.xSPI      0x0000000020000088       0x28 ./Src/main.o
                0x0000000020000088                xSPI
 .bss.xDMA      0x00000000200000b0       0x34 ./Src/main.o
                0x00000000200000b0                xDMA
 *(COMMON)
                0x00000000200000e4                . = ALIGN (0x4)
                0x00000000200000e4                _ebss = .
                0x00000000200000e4                __bss_end__ = _ebss

._user_heap_stack
                0x00000000200000e4      0x604
                0x00000000200000e8                . = ALIGN (0x8)
 *fill*         0x00000000200000e4        0x4 
                [!provide]                        PROVIDE (end = .)
                0x00000000200000e8                PROVIDE (_end = .)
                0x00000000200002e8                . = (. + _Min_Heap_Size)
 *fill*         0x00000000200000e8      0x200 
                0x00000000200006e8                . = (. + _Min_Stack_Size)
 *fill*         0x00000000200002e8      0x400 
                0x00000000200006e8                . = ALIGN (0x8)

/DISCARD/
 libc.a(*)
 libm.a(*)
 libgcc.a(*)

.ARM.attributes
                0x0000000000000000       0x30
 *(.ARM.attributes)
 .ARM.attributes
                0x0000000000000000       0x1e D:/ST/STM32CubeIDE_1.13.2/STM32CubeIDE/plugins/com.st.stm32cube.ide.mcu.externaltools.gnu-tools-for-stm32.11.3.rel1.win32_1.1.1.202309131626/tools/bin/../lib/gcc/arm-none-eabi/11.3.1/thumb/v7e-m+fp/hard/crti.o
 .ARM.attributes
                0x000000000000001e       0x34 D:/ST/STM32CubeIDE_1.13.2/STM32CubeIDE/plugins/com.st.stm32cube.ide.mcu.externaltools.gnu-tools-for-stm32.11.3.rel1.win32_1.1.1.202309131626/tools/bin/../lib/gcc/arm-none-eabi/11.3.1/thumb/v7e-m+fp/hard/crtbegin.o
 .ARM.attributes
                0x0000000000000052       0x34 ./CAN/CAN.o
 .ARM.attributes
                0x0000000000000086       0x34 ./DMA/DMA.o
 .ARM.attributes
                0x00000000000000ba       0x34 ./GPIO/GPIO.o
 .ARM.attributes
                0x00000000000000ee       0x34 ./SPI/SPI.o
 .ARM.attributes
                0x0000000000000122       0x34 ./Src/main.o
 .ARM.attributes
                0x0000000000000156       0x34 ./Src/system_stm32f4xx.o
 .ARM.attributes
                0x000000000000018a       0x21 ./Startup/startup_stm32f407vetx.o
 .ARM.attributes
                0x00000000000001ab       0x34 D:/ST/STM32CubeIDE_1.13.2/STM32CubeIDE/plugins/com.st.stm32cube.ide.mcu.externaltools.gnu-tools-for-stm32.11.3.rel1.win32_1.1.1.202309131626/tools/bin/../lib/gcc/arm-none-eabi/11.3.1/../../../../arm-none-eabi/lib/thumb/v7e-m+fp/hard\libc_nano.a(libc_a-init.o)
 .ARM.attributes
                0x00000000000001df       0x1e D:/ST/STM32CubeIDE_1.13.2/STM32CubeIDE/plugins/com.st.stm32cube.ide.mcu.externaltools.gnu-tools-for-stm32.11.3.rel1.win32_1.1.1.202309131626/tools/bin/../lib/gcc/arm-none-eabi/11.3.1/thumb/v7e-m+fp/hard/crtn.o
OUTPUT(Driver.elf elf32-littlearm)
LOAD linker stubs
LOAD D:/ST/STM32CubeIDE_1.13.2/STM32CubeIDE/plugins/com.st.stm32cube.ide.mcu.externaltools.gnu-tools-for-stm32.11.3.rel1.win32_1.1.1.202309131626/tools/bin/../lib/gcc/arm-none-eabi/11.3.1/../../../../arm-none-eabi/lib/thumb/v7e-m+fp/hard\libc.a
LOAD D:/ST/STM32CubeIDE_1.13.2/STM32CubeIDE/plugins/com.st.stm32cube.ide.mcu.externaltools.gnu-tools-for-stm32.11.3.rel1.win32_1.1.1.202309131626/tools/bin/../lib/gcc/arm-none-eabi/11.3.1/../../../../arm-none-eabi/lib/thumb/v7e-m+fp/hard\libm.a
LOAD D:/ST/STM32CubeIDE_1.13.2/STM32CubeIDE/plugins/com.st.stm32cube.ide.mcu.externaltools.gnu-tools-for-stm32.11.3.rel1.win32_1.1.1.202309131626/tools/bin/../lib/gcc/arm-none-eabi/11.3.1/thumb/v7e-m+fp/hard\libgcc.a

.comment        0x0000000000000000       0x43
 .comment       0x0000000000000000       0x43 D:/ST/STM32CubeIDE_1.13.2/STM32CubeIDE/plugins/com.st.stm32cube.ide.mcu.externaltools.gnu-tools-for-stm32.11.3.rel1.win32_1.1.1.202309131626/tools/bin/../lib/gcc/arm-none-eabi/11.3.1/thumb/v7e-m+fp/hard/crtbegin.o
                                         0x44 (size before relaxing)
 .comment       0x0000000000000043       0x44 ./CAN/CAN.o
 .comment       0x0000000000000043       0x44 ./DMA/DMA.o
 .comment       0x0000000000000043       0x44 ./GPIO/GPIO.o
 .comment       0x0000000000000043       0x44 ./SPI/SPI.o
 .comment       0x0000000000000043       0x44 ./Src/main.o
 .comment       0x0000000000000043       0x44 ./Src/system_stm32f4xx.o

.debug_info     0x0000000000000000     0x621c
 .debug_info    0x0000000000000000     0x11c9 ./CAN/CAN.o
 .debug_info    0x00000000000011c9      0xa4d ./DMA/DMA.o
 .debug_info    0x0000000000001c16      0xdf1 ./GPIO/GPIO.o
 .debug_info    0x0000000000002a07     0x16e2 ./SPI/SPI.o
 .debug_info    0x00000000000040e9     0x1c05 ./Src/main.o
 .debug_info    0x0000000000005cee      0x50b ./Src/system_stm32f4xx.o
 .debug_info    0x00000000000061f9       0x23 ./Startup/startup_stm32f407vetx.o

.debug_abbrev   0x0000000000000000      0xb93
 .debug_abbrev  0x0000000000000000      0x26e ./CAN/CAN.o
 .debug_abbrev  0x000000000000026e      0x155 ./DMA/DMA.o
 .debug_abbrev  0x00000000000003c3      0x20f ./GPIO/GPIO.o
 .debug_abbrev  0x00000000000005d2      0x24b ./SPI/SPI.o
 .debug_abbrev  0x000000000000081d      0x24a ./Src/main.o
 .debug_abbrev  0x0000000000000a67      0x11a ./Src/system_stm32f4xx.o
 .debug_abbrev  0x0000000000000b81       0x12 ./Startup/startup_stm32f407vetx.o

.debug_aranges  0x0000000000000000      0x248
 .debug_aranges
                0x0000000000000000       0xa8 ./CAN/CAN.o
 .debug_aranges
                0x00000000000000a8       0x48 ./DMA/DMA.o
 .debug_aranges
                0x00000000000000f0       0x58 ./GPIO/GPIO.o
 .debug_aranges
                0x0000000000000148       0x70 ./SPI/SPI.o
 .debug_aranges
                0x00000000000001b8       0x40 ./Src/main.o
 .debug_aranges
                0x00000000000001f8       0x28 ./Src/system_stm32f4xx.o
 .debug_aranges
                0x0000000000000220       0x28 ./Startup/startup_stm32f407vetx.o

.debug_rnglists
                0x0000000000000000      0x1a6
 .debug_rnglists
                0x0000000000000000       0x7f ./CAN/CAN.o
 .debug_rnglists
                0x000000000000007f       0x33 ./DMA/DMA.o
 .debug_rnglists
                0x00000000000000b2       0x41 ./GPIO/GPIO.o
 .debug_rnglists
                0x00000000000000f3       0x53 ./SPI/SPI.o
 .debug_rnglists
                0x0000000000000146       0x2d ./Src/main.o
 .debug_rnglists
                0x0000000000000173       0x1a ./Src/system_stm32f4xx.o
 .debug_rnglists
                0x000000000000018d       0x19 ./Startup/startup_stm32f407vetx.o

.debug_macro    0x0000000000000000    0x1a098
 .debug_macro   0x0000000000000000      0x27d ./CAN/CAN.o
 .debug_macro   0x000000000000027d      0xaae ./CAN/CAN.o
 .debug_macro   0x0000000000000d2b       0x2f ./CAN/CAN.o
 .debug_macro   0x0000000000000d5a       0x22 ./CAN/CAN.o
 .debug_macro   0x0000000000000d7c       0x8e ./CAN/CAN.o
 .debug_macro   0x0000000000000e0a       0x51 ./CAN/CAN.o
 .debug_macro   0x0000000000000e5b      0x103 ./CAN/CAN.o
 .debug_macro   0x0000000000000f5e       0x6a ./CAN/CAN.o
 .debug_macro   0x0000000000000fc8      0x1df ./CAN/CAN.o
 .debug_macro   0x00000000000011a7       0x1c ./CAN/CAN.o
 .debug_macro   0x00000000000011c3       0x22 ./CAN/CAN.o
 .debug_macro   0x00000000000011e5       0xd9 ./CAN/CAN.o
 .debug_macro   0x00000000000012be     0x102d ./CAN/CAN.o
 .debug_macro   0x00000000000022eb      0x11f ./CAN/CAN.o
 .debug_macro   0x000000000000240a    0x15e89 ./CAN/CAN.o
 .debug_macro   0x0000000000018293       0x97 ./CAN/CAN.o
 .debug_macro   0x000000000001832a       0x61 ./CAN/CAN.o
 .debug_macro   0x000000000001838b       0x2a ./CAN/CAN.o
 .debug_macro   0x00000000000183b5       0x43 ./CAN/CAN.o
 .debug_macro   0x00000000000183f8       0x34 ./CAN/CAN.o
 .debug_macro   0x000000000001842c       0x16 ./CAN/CAN.o
 .debug_macro   0x0000000000018442       0x97 ./CAN/CAN.o
 .debug_macro   0x00000000000184d9      0x369 ./CAN/CAN.o
 .debug_macro   0x0000000000018842       0xfd ./CAN/CAN.o
 .debug_macro   0x000000000001893f       0x10 ./CAN/CAN.o
 .debug_macro   0x000000000001894f       0x16 ./CAN/CAN.o
 .debug_macro   0x0000000000018965       0x43 ./CAN/CAN.o
 .debug_macro   0x00000000000189a8       0x34 ./CAN/CAN.o
 .debug_macro   0x00000000000189dc       0x10 ./CAN/CAN.o
 .debug_macro   0x00000000000189ec       0x58 ./CAN/CAN.o
 .debug_macro   0x0000000000018a44       0x8e ./CAN/CAN.o
 .debug_macro   0x0000000000018ad2       0x1c ./CAN/CAN.o
 .debug_macro   0x0000000000018aee      0x177 ./CAN/CAN.o
 .debug_macro   0x0000000000018c65       0x16 ./CAN/CAN.o
 .debug_macro   0x0000000000018c7b       0x16 ./CAN/CAN.o
 .debug_macro   0x0000000000018c91      0x147 ./CAN/CAN.o
 .debug_macro   0x0000000000018dd8      0x19b ./CAN/CAN.o
 .debug_macro   0x0000000000018f73       0x10 ./CAN/CAN.o
 .debug_macro   0x0000000000018f83       0x35 ./CAN/CAN.o
 .debug_macro   0x0000000000018fb8      0x460 ./CAN/CAN.o
 .debug_macro   0x0000000000019418       0x16 ./CAN/CAN.o
 .debug_macro   0x000000000001942e       0x20 ./CAN/CAN.o
 .debug_macro   0x000000000001944e       0x16 ./CAN/CAN.o
 .debug_macro   0x0000000000019464       0x16 ./CAN/CAN.o
 .debug_macro   0x000000000001947a       0x29 ./CAN/CAN.o
 .debug_macro   0x00000000000194a3       0x4c ./CAN/CAN.o
 .debug_macro   0x00000000000194ef       0x22 ./CAN/CAN.o
 .debug_macro   0x0000000000019511      0x273 ./DMA/DMA.o
 .debug_macro   0x0000000000019784      0x269 ./GPIO/GPIO.o
 .debug_macro   0x00000000000199ed      0x29b ./SPI/SPI.o
 .debug_macro   0x0000000000019c88      0x29b ./Src/main.o
 .debug_macro   0x0000000000019f23       0xda ./Src/system_stm32f4xx.o
 .debug_macro   0x0000000000019ffd       0x2e ./Src/system_stm32f4xx.o
 .debug_macro   0x000000000001a02b       0x6d ./Src/system_stm32f4xx.o

.debug_line     0x0000000000000000     0x453d
 .debug_line    0x0000000000000000      0xd43 ./CAN/CAN.o
 .debug_line    0x0000000000000d43      0x98f ./DMA/DMA.o
 .debug_line    0x00000000000016d2      0x8e4 ./GPIO/GPIO.o
 .debug_line    0x0000000000001fb6     0x16da ./SPI/SPI.o
 .debug_line    0x0000000000003690      0x904 ./Src/main.o
 .debug_line    0x0000000000003f94      0x52e ./Src/system_stm32f4xx.o
 .debug_line    0x00000000000044c2       0x7b ./Startup/startup_stm32f407vetx.o

.debug_str      0x0000000000000000    0x8ee8f
 .debug_str     0x0000000000000000    0x8ddf8 ./CAN/CAN.o
                                      0x8e08f (size before relaxing)
 .debug_str     0x000000000008ddf8      0x50a ./DMA/DMA.o
                                      0x8dc61 (size before relaxing)
 .debug_str     0x000000000008e302      0x614 ./GPIO/GPIO.o
                                      0x8e03f (size before relaxing)
 .debug_str     0x000000000008e916      0x3e2 ./SPI/SPI.o
                                      0x8e2de (size before relaxing)
 .debug_str     0x000000000008ecf8       0xcf ./Src/main.o
                                      0x8e857 (size before relaxing)
 .debug_str     0x000000000008edc7       0x99 ./Src/system_stm32f4xx.o
                                      0x882bf (size before relaxing)
 .debug_str     0x000000000008ee60       0x2f ./Startup/startup_stm32f407vetx.o
                                         0x52 (size before relaxing)

.debug_frame    0x0000000000000000      0x7e8
 .debug_frame   0x0000000000000000      0x2a0 ./CAN/CAN.o
 .debug_frame   0x00000000000002a0       0xfc ./DMA/DMA.o
 .debug_frame   0x000000000000039c      0x148 ./GPIO/GPIO.o
 .debug_frame   0x00000000000004e4      0x1c4 ./SPI/SPI.o
 .debug_frame   0x00000000000006a8       0xbc ./Src/main.o
 .debug_frame   0x0000000000000764       0x58 ./Src/system_stm32f4xx.o
 .debug_frame   0x00000000000007bc       0x2c D:/ST/STM32CubeIDE_1.13.2/STM32CubeIDE/plugins/com.st.stm32cube.ide.mcu.externaltools.gnu-tools-for-stm32.11.3.rel1.win32_1.1.1.202309131626/tools/bin/../lib/gcc/arm-none-eabi/11.3.1/../../../../arm-none-eabi/lib/thumb/v7e-m+fp/hard\libc_nano.a(libc_a-init.o)

.debug_line_str
                0x0000000000000000       0x46
 .debug_line_str
                0x0000000000000000       0x46 ./Startup/startup_stm32f407vetx.o
                                         0x5e (size before relaxing)
