Archive member included to satisfy reference by file (symbol)

D:/ST/STM32CubeIDE_1.13.2/STM32CubeIDE/plugins/com.st.stm32cube.ide.mcu.externaltools.gnu-tools-for-stm32.11.3.rel1.win32_1.1.1.202309131626/tools/bin/../lib/gcc/arm-none-eabi/11.3.1/../../../../arm-none-eabi/lib/thumb/v7e-m+fp/hard\libc_nano.a(libc_a-exit.o)
                              D:/ST/STM32CubeIDE_1.13.2/STM32CubeIDE/plugins/com.st.stm32cube.ide.mcu.externaltools.gnu-tools-for-stm32.11.3.rel1.win32_1.1.1.202309131626/tools/bin/../lib/gcc/arm-none-eabi/11.3.1/../../../../arm-none-eabi/lib/thumb/v7e-m+fp/hard/crt0.o (exit)
D:/ST/STM32CubeIDE_1.13.2/STM32CubeIDE/plugins/com.st.stm32cube.ide.mcu.externaltools.gnu-tools-for-stm32.11.3.rel1.win32_1.1.1.202309131626/tools/bin/../lib/gcc/arm-none-eabi/11.3.1/../../../../arm-none-eabi/lib/thumb/v7e-m+fp/hard\libc_nano.a(libc_a-findfp.o)
                              D:/ST/STM32CubeIDE_1.13.2/STM32CubeIDE/plugins/com.st.stm32cube.ide.mcu.externaltools.gnu-tools-for-stm32.11.3.rel1.win32_1.1.1.202309131626/tools/bin/../lib/gcc/arm-none-eabi/11.3.1/../../../../arm-none-eabi/lib/thumb/v7e-m+fp/hard\libc_nano.a(libc_a-exit.o) (__stdio_exit_handler)
D:/ST/STM32CubeIDE_1.13.2/STM32CubeIDE/plugins/com.st.stm32cube.ide.mcu.externaltools.gnu-tools-for-stm32.11.3.rel1.win32_1.1.1.202309131626/tools/bin/../lib/gcc/arm-none-eabi/11.3.1/../../../../arm-none-eabi/lib/thumb/v7e-m+fp/hard\libc_nano.a(libc_a-fwalk.o)
                              D:/ST/STM32CubeIDE_1.13.2/STM32CubeIDE/plugins/com.st.stm32cube.ide.mcu.externaltools.gnu-tools-for-stm32.11.3.rel1.win32_1.1.1.202309131626/tools/bin/../lib/gcc/arm-none-eabi/11.3.1/../../../../arm-none-eabi/lib/thumb/v7e-m+fp/hard\libc_nano.a(libc_a-findfp.o) (_fwalk_sglue)
D:/ST/STM32CubeIDE_1.13.2/STM32CubeIDE/plugins/com.st.stm32cube.ide.mcu.externaltools.gnu-tools-for-stm32.11.3.rel1.win32_1.1.1.202309131626/tools/bin/../lib/gcc/arm-none-eabi/11.3.1/../../../../arm-none-eabi/lib/thumb/v7e-m+fp/hard\libc_nano.a(libc_a-stdio.o)
                              D:/ST/STM32CubeIDE_1.13.2/STM32CubeIDE/plugins/com.st.stm32cube.ide.mcu.externaltools.gnu-tools-for-stm32.11.3.rel1.win32_1.1.1.202309131626/tools/bin/../lib/gcc/arm-none-eabi/11.3.1/../../../../arm-none-eabi/lib/thumb/v7e-m+fp/hard\libc_nano.a(libc_a-findfp.o) (__sread)
D:/ST/STM32CubeIDE_1.13.2/STM32CubeIDE/plugins/com.st.stm32cube.ide.mcu.externaltools.gnu-tools-for-stm32.11.3.rel1.win32_1.1.1.202309131626/tools/bin/../lib/gcc/arm-none-eabi/11.3.1/../../../../arm-none-eabi/lib/thumb/v7e-m+fp/hard\libc_nano.a(libc_a-memset.o)
                              D:/ST/STM32CubeIDE_1.13.2/STM32CubeIDE/plugins/com.st.stm32cube.ide.mcu.externaltools.gnu-tools-for-stm32.11.3.rel1.win32_1.1.1.202309131626/tools/bin/../lib/gcc/arm-none-eabi/11.3.1/../../../../arm-none-eabi/lib/thumb/v7e-m+fp/hard/crt0.o (memset)
D:/ST/STM32CubeIDE_1.13.2/STM32CubeIDE/plugins/com.st.stm32cube.ide.mcu.externaltools.gnu-tools-for-stm32.11.3.rel1.win32_1.1.1.202309131626/tools/bin/../lib/gcc/arm-none-eabi/11.3.1/../../../../arm-none-eabi/lib/thumb/v7e-m+fp/hard\libc_nano.a(libc_a-closer.o)
                              D:/ST/STM32CubeIDE_1.13.2/STM32CubeIDE/plugins/com.st.stm32cube.ide.mcu.externaltools.gnu-tools-for-stm32.11.3.rel1.win32_1.1.1.202309131626/tools/bin/../lib/gcc/arm-none-eabi/11.3.1/../../../../arm-none-eabi/lib/thumb/v7e-m+fp/hard\libc_nano.a(libc_a-stdio.o) (_close_r)
D:/ST/STM32CubeIDE_1.13.2/STM32CubeIDE/plugins/com.st.stm32cube.ide.mcu.externaltools.gnu-tools-for-stm32.11.3.rel1.win32_1.1.1.202309131626/tools/bin/../lib/gcc/arm-none-eabi/11.3.1/../../../../arm-none-eabi/lib/thumb/v7e-m+fp/hard\libc_nano.a(libc_a-reent.o)
                              D:/ST/STM32CubeIDE_1.13.2/STM32CubeIDE/plugins/com.st.stm32cube.ide.mcu.externaltools.gnu-tools-for-stm32.11.3.rel1.win32_1.1.1.202309131626/tools/bin/../lib/gcc/arm-none-eabi/11.3.1/../../../../arm-none-eabi/lib/thumb/v7e-m+fp/hard\libc_nano.a(libc_a-closer.o) (errno)
D:/ST/STM32CubeIDE_1.13.2/STM32CubeIDE/plugins/com.st.stm32cube.ide.mcu.externaltools.gnu-tools-for-stm32.11.3.rel1.win32_1.1.1.202309131626/tools/bin/../lib/gcc/arm-none-eabi/11.3.1/../../../../arm-none-eabi/lib/thumb/v7e-m+fp/hard\libc_nano.a(libc_a-impure.o)
                              D:/ST/STM32CubeIDE_1.13.2/STM32CubeIDE/plugins/com.st.stm32cube.ide.mcu.externaltools.gnu-tools-for-stm32.11.3.rel1.win32_1.1.1.202309131626/tools/bin/../lib/gcc/arm-none-eabi/11.3.1/../../../../arm-none-eabi/lib/thumb/v7e-m+fp/hard\libc_nano.a(libc_a-reent.o) (_impure_ptr)
D:/ST/STM32CubeIDE_1.13.2/STM32CubeIDE/plugins/com.st.stm32cube.ide.mcu.externaltools.gnu-tools-for-stm32.11.3.rel1.win32_1.1.1.202309131626/tools/bin/../lib/gcc/arm-none-eabi/11.3.1/../../../../arm-none-eabi/lib/thumb/v7e-m+fp/hard\libc_nano.a(libc_a-lseekr.o)
[...]
Memory Configuration

Name             Origin             Length             Attributes
CCMRAM           0x0000000010000000 0x0000000000010000 xrw
RAM              0x0000000020000000 0x0000000000020000 xrw
FLASH            0x0000000008000000 0x0000000000080000 xr
*default*        0x0000000000000000 0xffffffffffffffff

Linker script and memory map

LOAD D:/ST/STM32CubeIDE_1.13.2/STM32CubeIDE/plugins/com.st.stm32cube.ide.mcu.externaltools.gnu-tools-for-stm32.11.3.rel1.win32_1.1.1.202309131626/tools/bin/../lib/gcc/arm-none-eabi/11.3.1/thumb/v7e-m+fp/hard/crti.o
LOAD D:/ST/STM32CubeIDE_1.13.2/STM32CubeIDE/plugins/com.st.stm32cube.ide.mcu.externaltools.gnu-tools-for-stm32.11.3.rel1.win32_1.1.1.202309131626/tools/bin/../lib/gcc/arm-none-eabi/11.3.1/thumb/v7e-m+fp/hard/crtbegin.o
LOAD D:/ST/STM32CubeIDE_1.13.2/STM32CubeIDE/plugins/com.st.stm32cube.ide.mcu.externaltools.gnu-tools-for-stm32.11.3.rel1.win32_1.1.1.202309131626/tools/bin/../lib/gcc/arm-none-eabi/11.3.1/../../../../arm-none-eabi/lib/thumb/v7e-m+fp/hard/crt0.o
LOAD ./CAN/CAN.o
LOAD ./GPIO/GPIO.o
LOAD ./SPI/SPI.o
LOAD ./Src/main.o
LOAD ./Src/syscalls.o
LOAD ./Src/sysmem.o
LOAD ./Src/system_stm32f4xx.o
LOAD ./Startup/startup_stm32f407vetx.o
LOAD ./USART/USART.o
START GROUP
LOAD D:/ST/STM32CubeIDE_1.13.2/STM32CubeIDE/plugins/com.st.stm32cube.ide.mcu.externaltools.gnu-tools-for-stm32.11.3.rel1.win32_1.1.1.202309131626/tools/bin/../lib/gcc/arm-none-eabi/11.3.1/../../../../arm-none-eabi/lib/thumb/v7e-m+fp/hard\libc_nano.a
LOAD D:/ST/STM32CubeIDE_1.13.2/STM32CubeIDE/plugins/com.st.stm32cube.ide.mcu.externaltools.gnu-tools-for-stm32.11.3.rel1.win32_1.1.1.202309131626/tools/bin/../lib/gcc/arm-none-eabi/11.3.1/../../../../arm-none-eabi/lib/thumb/v7e-m+fp/hard\libm.a
END GROUP
START GROUP
LOAD D:/ST/STM32CubeIDE_1.13.2/STM32CubeIDE/plugins/com.st.stm32cube.ide.mcu.externaltools.gnu-tools-for-stm32.11.3.rel1.win32_1.1.1.202309131626/tools/bin/../lib/gcc/arm-none-eabi/11.3.1/thumb/v7e-m+fp/hard\libgcc.a
LOAD D:/ST/STM32CubeIDE_1.13.2/STM32CubeIDE/plugins/com.st.stm32cube.ide.mcu.externaltools.gnu-tools-for-stm32.11.3.rel1.win32_1.1.1.202309131626/tools/bin/../lib/gcc/arm-none-eabi/11.3.1/../../../../arm-none-eabi/lib/thumb/v7e-m+fp/hard\libc_nano.a
END GROUP
START GROUP
LOAD D:/ST/STM32CubeIDE_1.13.2/STM32CubeIDE/plugins/com.st.stm32cube.ide.mcu.externaltools.gnu-tools-for-stm32.11.3.rel1.win32_1.1.1.202309131626/tools/bin/../lib/gcc/arm-none-eabi/11.3.1/thumb/v7e-m+fp/hard\libgcc.a
LOAD D:/ST/STM32CubeIDE_1.13.2/STM32CubeIDE/plugins/com.st.stm32cube.ide.mcu.externaltools.gnu-tools-for-stm32.11.3.rel1.win32_1.1.1.202309131626/tools/bin/../lib/gcc/arm-none-eabi/11.3.1/../../../../arm-none-eabi/lib/thumb/v7e-m+fp/hard\libc_nano.a
LOAD D:/ST/STM32CubeIDE_1.13.2/STM32CubeIDE/plugins/com.st.stm32cube.ide.mcu.externaltools.gnu-tools-for-stm32.11.3.rel1.win32_1.1.1.202309131626/tools/bin/../lib/gcc/arm-none-eabi/11.3.1/../../../../arm-none-eabi/lib/thumb/v7e-m+fp/hard\libnosys.a
END GROUP
START GROUP
LOAD D:/ST/STM32CubeIDE_1.13.2/STM32CubeIDE/plugins/com.st.stm32cube.ide.mcu.externaltools.gnu-tools-for-stm32.11.3.rel1.win32_1.1.1.202309131626/tools/bin/../lib/gcc/arm-none-eabi/11.3.1/thumb/v7e-m+fp/hard\libgcc.a
LOAD D:/ST/STM32CubeIDE_1.13.2/STM32CubeIDE/plugins/com.st.stm32cube.ide.mcu.externaltools.gnu-tools-for-stm32.11.3.rel1.win32_1.1.1.202309131626/tools/bin/../lib/gcc/arm-none-eabi/11.3.1/../../../../arm-none-eabi/lib/thumb/v7e-m+fp/hard\libc_nano.a
LOAD D:/ST/STM32CubeIDE_1.13.2/STM32CubeIDE/plugins/com.st.stm32cube.ide.mcu.externaltools.gnu-tools-for-stm32.11.3.rel1.win32_1.1.1.202309131626/tools/bin/../lib/gcc/arm-none-eabi/11.3.1/../../../../arm-none-eabi/lib/thumb/v7e-m+fp/hard\libnosys.a
END GROUP
LOAD D:/ST/STM32CubeIDE_1.13.2/STM32CubeIDE/plugins/com.st.stm32cube.ide.mcu.externaltools.gnu-tools-for-stm32.11.3.rel1.win32_1.1.1.202309131626/tools/bin/../lib/gcc/arm-none-eabi/11.3.1/thumb/v7e-m+fp/hard/crtend.o
LOAD D:/ST/STM32CubeIDE_1.13.2/STM32CubeIDE/plugins/com.st.stm32cube.ide.mcu.externaltools.gnu-tools-for-stm32.11.3.rel1.win32_1.1.1.202309131626/tools/bin/../lib/gcc/arm-none-eabi/11.3.1/thumb/v7e-m+fp/hard/crtn.o
                0x0000000020020000                _estack = (ORIGIN (RAM) + LENGTH (RAM))
                0x0000000000000200                _Min_Heap_Size = 0x200
                0x0000000000000400                _Min_Stack_Size = 0x400

.isr_vector     0x0000000008000000      0x1a8
                0x0000000008000000                . = ALIGN (0x4)
 *(.isr_vector)
 .isr_vector    0x0000000008000000      0x1a8 ./Startup/startup_stm32f407vetx.o
                0x0000000008000000                g_pfnVectors
                0x00000000080001a8                . = ALIGN (0x4)

.text           0x00000000080001a8     0x1294
                0x00000000080001a8                . = ALIGN (0x4)
 *(.text)
 .text          0x00000000080001a8       0x40 D:/ST/STM32CubeIDE_1.13.2/STM32CubeIDE/plugins/com.st.stm32cube.ide.mcu.externaltools.gnu-tools-for-stm32.11.3.rel1.win32_1.1.1.202309131626/tools/bin/../lib/gcc/arm-none-eabi/11.3.1/thumb/v7e-m+fp/hard/crtbegin.o
 *(.text*)
 .text.CAN1_TX_IRQHandler
                0x00000000080001e8        0xe ./CAN/CAN.o
                0x00000000080001e8                CAN1_TX_IRQHandler
 .text.CAN1_RX0_IRQHandler
                0x00000000080001f6        0xe ./CAN/CAN.o
                0x00000000080001f6                CAN1_RX0_IRQHandler
 .text.CAN1_RX1_IRQHandler
                0x0000000008000204        0xe ./CAN/CAN.o
                0x0000000008000204                CAN1_RX1_IRQHandler
 .text.CAN1_SCE_IRQHandler
                0x0000000008000212        0xe ./CAN/CAN.o
                0x0000000008000212                CAN1_SCE_IRQHandler
 .text.CAN2_TX_IRQHandler
                0x0000000008000220        0xe ./CAN/CAN.o
                0x0000000008000220                CAN2_TX_IRQHandler
 .text.CAN2_RX0_IRQHandler
                0x000000000800022e        0xe ./CAN/CAN.o
                0x000000000800022e                CAN2_RX0_IRQHandler
 .text.CAN2_RX1_IRQHandler
                0x000000000800023c        0xe ./CAN/CAN.o
                0x000000000800023c                CAN2_RX1_IRQHandler
 .text.CAN2_SCE_IRQHandler
                0x000000000800024a        0xe ./CAN/CAN.o
                0x000000000800024a                CAN2_SCE_IRQHandler
 .text.GPIO_Pin_High
                0x0000000008000258       0x24 ./GPIO/GPIO.o
                0x0000000008000258                GPIO_Pin_High
 .text.GPIO_Pin_Low
                0x000000000800027c       0x2a ./GPIO/GPIO.o
                0x000000000800027c                GPIO_Pin_Low
 *fill*         0x00000000080002a6        0x2 
 .text.GPIO_Clock_Enable
                0x00000000080002a8       0xbc ./GPIO/GPIO.o
                0x00000000080002a8                GPIO_Clock_Enable
 .text.GPIO_Pin_Init
                0x0000000008000364       0xa8 ./GPIO/GPIO.o
                0x0000000008000364                GPIO_Pin_Init
 .text.SPI_Clock_Enable
                0x000000000800040c       0x74 ./SPI/SPI.o
                0x000000000800040c                SPI_Clock_Enable
 .text.SPI_Config_Reset
                0x0000000008000480       0xc8 ./SPI/SPI.o
                0x0000000008000480                SPI_Config_Reset
 .text.SPI_Pin  0x0000000008000548      0x858 ./SPI/SPI.o
 .text.SPI_Init
                0x0000000008000da0      0x138 ./SPI/SPI.o
                0x0000000008000da0                SPI_Init
 .text.SPI_TRX_Byte
                0x0000000008000ed8       0x72 ./SPI/SPI.o
                0x0000000008000ed8                SPI_TRX_Byte
 .text.SPI_NSS_High
                0x0000000008000f4a       0x20 ./SPI/SPI.o
                0x0000000008000f4a                SPI_NSS_High
 .text.SPI_NSS_Low
                0x0000000008000f6a       0x20 ./SPI/SPI.o
                0x0000000008000f6a                SPI_NSS_Low
 *fill*         0x0000000008000f8a        0x2 
 .text.__NVIC_SetPriority
                0x0000000008000f8c       0x54 ./Src/main.o
 .text.SysTick_Config
                0x0000000008000fe0       0x44 ./Src/main.o
 .text.MCU_Clock_Setup
                0x0000000008001024      0x120 ./Src/main.o
 .text.Delay_Config
                0x0000000008001144       0x30 ./Src/main.o
 .text.Delay_ms
                0x0000000008001174       0x5c ./Src/main.o
 .text.main     0x00000000080011d0       0x94 ./Src/main.o
                0x00000000080011d0                main
 .text.SystemInit
                0x0000000008001264       0x24 ./Src/system_stm32f4xx.o
                0x0000000008001264                SystemInit
 .text.SystemCoreClockUpdate
                0x0000000008001288      0x100 ./Src/system_stm32f4xx.o
                0x0000000008001288                SystemCoreClockUpdate
 .text.Reset_Handler
                0x0000000008001388       0x50 ./Startup/startup_stm32f407vetx.o
                0x0000000008001388                Reset_Handler
 .text.Default_Handler
                0x00000000080013d8        0x2 ./Startup/startup_stm32f407vetx.o
                0x00000000080013d8                RTC_Alarm_IRQHandler
                0x00000000080013d8                HASH_RNG_IRQHandler
                0x00000000080013d8                EXTI2_IRQHandler
                0x00000000080013d8                TIM8_CC_IRQHandler
                0x00000000080013d8                DebugMon_Handler
                0x00000000080013d8                TIM1_CC_IRQHandler
                0x00000000080013d8                DMA2_Stream5_IRQHandler
                0x00000000080013d8                HardFault_Handler
                0x00000000080013d8                DMA1_Stream5_IRQHandler
                0x00000000080013d8                SysTick_Handler
                0x00000000080013d8                PVD_IRQHandler
                0x00000000080013d8                SDIO_IRQHandler
                0x00000000080013d8                TAMP_STAMP_IRQHandler
                0x00000000080013d8                PendSV_Handler
                0x00000000080013d8                NMI_Handler
                0x00000000080013d8                EXTI3_IRQHandler
                0x00000000080013d8                TIM8_TRG_COM_TIM14_IRQHandler
                0x00000000080013d8                TIM1_UP_TIM10_IRQHandler
                0x00000000080013d8                TIM8_UP_TIM13_IRQHandler
                0x00000000080013d8                I2C3_ER_IRQHandler
                0x00000000080013d8                LCD_TFT_IRQHandler
                0x00000000080013d8                EXTI0_IRQHandler
                0x00000000080013d8                I2C2_EV_IRQHandler
                0x00000000080013d8                DMA1_Stream2_IRQHandler
                0x00000000080013d8                FPU_IRQHandler
                0x00000000080013d8                OTG_HS_WKUP_IRQHandler
                0x00000000080013d8                UsageFault_Handler
                0x00000000080013d8                DMA2_Stream2_IRQHandler
                0x00000000080013d8                SPI1_IRQHandler
                0x00000000080013d8                TIM6_DAC_IRQHandler
                0x00000000080013d8                TIM1_BRK_TIM9_IRQHandler
                0x00000000080013d8                DCMI_IRQHandler
                0x00000000080013d8                DMA2_Stream3_IRQHandler
                0x00000000080013d8                USART6_IRQHandler
                0x00000000080013d8                USART3_IRQHandler
                0x00000000080013d8                CRYP_IRQHandler
                0x00000000080013d8                UART5_IRQHandler
                0x00000000080013d8                DMA2_Stream0_IRQHandler
                0x00000000080013d8                TIM4_IRQHandler
                0x00000000080013d8                I2C1_EV_IRQHandler
                0x00000000080013d8                DMA1_Stream6_IRQHandler
                0x00000000080013d8                DMA1_Stream1_IRQHandler
                0x00000000080013d8                UART4_IRQHandler
                0x00000000080013d8                LCD_TFT_1_IRQHandler
                0x00000000080013d8                TIM3_IRQHandler
                0x00000000080013d8                RCC_IRQHandler
                0x00000000080013d8                TIM8_BRK_TIM12_IRQHandler
                0x00000000080013d8                Default_Handler
                0x00000000080013d8                EXTI15_10_IRQHandler
                0x00000000080013d8                ADC_IRQHandler
                0x00000000080013d8                DMA1_Stream7_IRQHandler
                0x00000000080013d8                TIM7_IRQHandler
                0x00000000080013d8                TIM5_IRQHandler
                0x00000000080013d8                DMA2_Stream7_IRQHandler
                0x00000000080013d8                I2C3_EV_IRQHandler
                0x00000000080013d8                EXTI9_5_IRQHandler
                0x00000000080013d8                RTC_WKUP_IRQHandler
                0x00000000080013d8                ETH_WKUP_IRQHandler
                0x00000000080013d8                SPI2_IRQHandler
                0x00000000080013d8                OTG_HS_EP1_IN_IRQHandler
                0x00000000080013d8                MemManage_Handler
                0x00000000080013d8                DMA1_Stream0_IRQHandler
                0x00000000080013d8                SVC_Handler
                0x00000000080013d8                EXTI4_IRQHandler
                0x00000000080013d8                FSMC_IRQHandler
                0x00000000080013d8                ETH_IRQHandler
                0x00000000080013d8                OTG_HS_EP1_OUT_IRQHandler
                0x00000000080013d8                WWDG_IRQHandler
                0x00000000080013d8                TIM2_IRQHandler
                0x00000000080013d8                OTG_FS_WKUP_IRQHandler
                0x00000000080013d8                TIM1_TRG_COM_TIM11_IRQHandler
                0x00000000080013d8                OTG_HS_IRQHandler
                0x00000000080013d8                EXTI1_IRQHandler
                0x00000000080013d8                USART2_IRQHandler
                0x00000000080013d8                I2C2_ER_IRQHandler
                0x00000000080013d8                DMA2_Stream1_IRQHandler
                0x00000000080013d8                DMA2_Stream4_IRQHandler
                0x00000000080013d8                BusFault_Handler
                0x00000000080013d8                USART1_IRQHandler
                0x00000000080013d8                OTG_FS_IRQHandler
                0x00000000080013d8                SPI3_IRQHandler
                0x00000000080013d8                DMA1_Stream4_IRQHandler
                0x00000000080013d8                I2C1_ER_IRQHandler
                0x00000000080013d8                DMA2_Stream6_IRQHandler
                0x00000000080013d8                DMA1_Stream3_IRQHandler
 *fill*         0x00000000080013da        0x2 
 .text.__libc_init_array
                0x00000000080013dc       0x48 D:/ST/STM32CubeIDE_1.13.2/STM32CubeIDE/plugins/com.st.stm32cube.ide.mcu.externaltools.gnu-tools-for-stm32.11.3.rel1.win32_1.1.1.202309131626/tools/bin/../lib/gcc/arm-none-eabi/11.3.1/../../../../arm-none-eabi/lib/thumb/v7e-m+fp/hard\libc_nano.a(libc_a-init.o)
                0x00000000080013dc                __libc_init_array
 *(.glue_7)
 .glue_7        0x0000000008001424        0x0 linker stubs
 *(.glue_7t)
 .glue_7t       0x0000000008001424        0x0 linker stubs
 *(.eh_frame)
 .eh_frame      0x0000000008001424        0x0 D:/ST/STM32CubeIDE_1.13.2/STM32CubeIDE/plugins/com.st.stm32cube.ide.mcu.externaltools.gnu-tools-for-stm32.11.3.rel1.win32_1.1.1.202309131626/tools/bin/../lib/gcc/arm-none-eabi/11.3.1/thumb/v7e-m+fp/hard/crtbegin.o
 *(.init)
 .init          0x0000000008001424        0x4 D:/ST/STM32CubeIDE_1.13.2/STM32CubeIDE/plugins/com.st.stm32cube.ide.mcu.externaltools.gnu-tools-for-stm32.11.3.rel1.win32_1.1.1.202309131626/tools/bin/../lib/gcc/arm-none-eabi/11.3.1/thumb/v7e-m+fp/hard/crti.o
                0x0000000008001424                _init
 .init          0x0000000008001428        0x8 D:/ST/STM32CubeIDE_1.13.2/STM32CubeIDE/plugins/com.st.stm32cube.ide.mcu.externaltools.gnu-tools-for-stm32.11.3.rel1.win32_1.1.1.202309131626/tools/bin/../lib/gcc/arm-none-eabi/11.3.1/thumb/v7e-m+fp/hard/crtn.o
 *(.fini)
 .fini          0x0000000008001430        0x4 D:/ST/STM32CubeIDE_1.13.2/STM32CubeIDE/plugins/com.st.stm32cube.ide.mcu.externaltools.gnu-tools-for-stm32.11.3.rel1.win32_1.1.1.202309131626/tools/bin/../lib/gcc/arm-none-eabi/11.3.1/thumb/v7e-m+fp/hard/crti.o
                0x0000000008001430                _fini
 .fini          0x0000000008001434        0x8 D:/ST/STM32CubeIDE_1.13.2/STM32CubeIDE/plugins/com.st.stm32cube.ide.mcu.externaltools.gnu-tools-for-stm32.11.3.rel1.win32_1.1.1.202309131626/tools/bin/../lib/gcc/arm-none-eabi/11.3.1/thumb/v7e-m+fp/hard/crtn.o
                0x000000000800143c                . = ALIGN (0x4)
                0x000000000800143c                _etext = .

.vfp11_veneer   0x000000000800143c        0x0
 .vfp11_veneer  0x000000000800143c        0x0 linker stubs

.v4_bx          0x000000000800143c        0x0
 .v4_bx         0x000000000800143c        0x0 linker stubs

.iplt           0x000000000800143c        0x0
 .iplt          0x000000000800143c        0x0 D:/ST/STM32CubeIDE_1.13.2/STM32CubeIDE/plugins/com.st.stm32cube.ide.mcu.externaltools.gnu-tools-for-stm32.11.3.rel1.win32_1.1.1.202309131626/tools/bin/../lib/gcc/arm-none-eabi/11.3.1/thumb/v7e-m+fp/hard/crtbegin.o

.rodata         0x000000000800143c       0x10
                0x000000000800143c                . = ALIGN (0x4)
 *(.rodata)
 *(.rodata*)
 .rodata.AHBPrescTable
                0x000000000800143c       0x10 ./Src/system_stm32f4xx.o
                0x000000000800143c                AHBPrescTable
                0x000000000800144c                . = ALIGN (0x4)

.rel.dyn        0x000000000800144c        0x0
 .rel.iplt      0x000000000800144c        0x0 D:/ST/STM32CubeIDE_1.13.2/STM32CubeIDE/plugins/com.st.stm32cube.ide.mcu.externaltools.gnu-tools-for-stm32.11.3.rel1.win32_1.1.1.202309131626/tools/bin/../lib/gcc/arm-none-eabi/11.3.1/thumb/v7e-m+fp/hard/crtbegin.o

.ARM.extab      0x000000000800144c        0x0
                0x000000000800144c                . = ALIGN (0x4)
 *(.ARM.extab* .gnu.linkonce.armextab.*)
                0x000000000800144c                . = ALIGN (0x4)

.ARM            0x000000000800144c        0x0
                0x000000000800144c                . = ALIGN (0x4)
                0x000000000800144c                __exidx_start = .
 *(.ARM.exidx*)
                0x000000000800144c                __exidx_end = .
                0x000000000800144c                . = ALIGN (0x4)

.preinit_array  0x000000000800144c        0x0
                0x000000000800144c                . = ALIGN (0x4)
                0x000000000800144c                PROVIDE (__preinit_array_start = .)
 *(.preinit_array*)
                0x000000000800144c                PROVIDE (__preinit_array_end = .)
                0x000000000800144c                . = ALIGN (0x4)

.init_array     0x000000000800144c        0x4
                0x000000000800144c                . = ALIGN (0x4)
                0x000000000800144c                PROVIDE (__init_array_start = .)
 *(SORT_BY_NAME(.init_array.*))
 *(.init_array*)
 .init_array    0x000000000800144c        0x4 D:/ST/STM32CubeIDE_1.13.2/STM32CubeIDE/plugins/com.st.stm32cube.ide.mcu.externaltools.gnu-tools-for-stm32.11.3.rel1.win32_1.1.1.202309131626/tools/bin/../lib/gcc/arm-none-eabi/11.3.1/thumb/v7e-m+fp/hard/crtbegin.o
                0x0000000008001450                PROVIDE (__init_array_end = .)
                0x0000000008001450                . = ALIGN (0x4)

.fini_array     0x0000000008001450        0x4
                0x0000000008001450                . = ALIGN (0x4)
                [!provide]                        PROVIDE (__fini_array_start = .)
 *(SORT_BY_NAME(.fini_array.*))
 *(.fini_array*)
 .fini_array    0x0000000008001450        0x4 D:/ST/STM32CubeIDE_1.13.2/STM32CubeIDE/plugins/com.st.stm32cube.ide.mcu.externaltools.gnu-tools-for-stm32.11.3.rel1.win32_1.1.1.202309131626/tools/bin/../lib/gcc/arm-none-eabi/11.3.1/thumb/v7e-m+fp/hard/crtbegin.o
                [!provide]                        PROVIDE (__fini_array_end = .)
                0x0000000008001454                . = ALIGN (0x4)
                0x0000000008001454                _sidata = LOADADDR (.data)

.data           0x0000000020000000        0x4 load address 0x0000000008001454
                0x0000000020000000                . = ALIGN (0x4)
                0x0000000020000000                _sdata = .
 *(.data)
 *(.data*)
 .data.SystemCoreClock
                0x0000000020000000        0x4 ./Src/system_stm32f4xx.o
                0x0000000020000000                SystemCoreClock
 *(.RamFunc)
 *(.RamFunc*)
                0x0000000020000004                . = ALIGN (0x4)
                0x0000000020000004                _edata = .
                0x0000000008001458                _siccmram = LOADADDR (.ccmram)

.igot.plt       0x0000000020000004        0x0 load address 0x0000000008001458
 .igot.plt      0x0000000020000004        0x0 D:/ST/STM32CubeIDE_1.13.2/STM32CubeIDE/plugins/com.st.stm32cube.ide.mcu.externaltools.gnu-tools-for-stm32.11.3.rel1.win32_1.1.1.202309131626/tools/bin/../lib/gcc/arm-none-eabi/11.3.1/thumb/v7e-m+fp/hard/crtbegin.o

.ccmram         0x0000000010000000        0x0 load address 0x0000000008001458
                0x0000000010000000                . = ALIGN (0x4)
                0x0000000010000000                _sccmram = .
 *(.ccmram)
 *(.ccmram*)
                0x0000000010000000                . = ALIGN (0x4)
                0x0000000010000000                _eccmram = .
                0x0000000010000000                . = ALIGN (0x4)

.bss            0x0000000020000004       0x44
                0x0000000020000004                _sbss = .
                0x0000000020000004                __bss_start__ = _sbss
 *(.bss)
 .bss           0x0000000020000004       0x1c D:/ST/STM32CubeIDE_1.13.2/STM32CubeIDE/plugins/com.st.stm32cube.ide.mcu.externaltools.gnu-tools-for-stm32.11.3.rel1.win32_1.1.1.202309131626/tools/bin/../lib/gcc/arm-none-eabi/11.3.1/thumb/v7e-m+fp/hard/crtbegin.o
 *(.bss*)
 .bss.xDevice   0x0000000020000020       0x28 ./Src/main.o
                0x0000000020000020                xDevice
 *(COMMON)
                0x0000000020000048                . = ALIGN (0x4)
                0x0000000020000048                _ebss = .
                0x0000000020000048                __bss_end__ = _ebss

._user_heap_stack
                0x0000000020000048      0x600
                0x0000000020000048                . = ALIGN (0x8)
                [!provide]                        PROVIDE (end = .)
                0x0000000020000048                PROVIDE (_end = .)
                0x0000000020000248                . = (. + _Min_Heap_Size)
 *fill*         0x0000000020000048      0x200 
                0x0000000020000648                . = (. + _Min_Stack_Size)
 *fill*         0x0000000020000248      0x400 
                0x0000000020000648                . = ALIGN (0x8)

/DISCARD/
 libc.a(*)
 libm.a(*)
 libgcc.a(*)

.ARM.attributes
                0x0000000000000000       0x30
 *(.ARM.attributes)
 .ARM.attributes
                0x0000000000000000       0x1e D:/ST/STM32CubeIDE_1.13.2/STM32CubeIDE/plugins/com.st.stm32cube.ide.mcu.externaltools.gnu-tools-for-stm32.11.3.rel1.win32_1.1.1.202309131626/tools/bin/../lib/gcc/arm-none-eabi/11.3.1/thumb/v7e-m+fp/hard/crti.o
 .ARM.attributes
                0x000000000000001e       0x34 D:/ST/STM32CubeIDE_1.13.2/STM32CubeIDE/plugins/com.st.stm32cube.ide.mcu.externaltools.gnu-tools-for-stm32.11.3.rel1.win32_1.1.1.202309131626/tools/bin/../lib/gcc/arm-none-eabi/11.3.1/thumb/v7e-m+fp/hard/crtbegin.o
 .ARM.attributes
                0x0000000000000052       0x34 ./CAN/CAN.o
 .ARM.attributes
                0x0000000000000086       0x34 ./GPIO/GPIO.o
 .ARM.attributes
                0x00000000000000ba       0x34 ./SPI/SPI.o
 .ARM.attributes
                0x00000000000000ee       0x34 ./Src/main.o
 .ARM.attributes
                0x0000000000000122       0x34 ./Src/system_stm32f4xx.o
 .ARM.attributes
                0x0000000000000156       0x21 ./Startup/startup_stm32f407vetx.o
 .ARM.attributes
                0x0000000000000177       0x34 D:/ST/STM32CubeIDE_1.13.2/STM32CubeIDE/plugins/com.st.stm32cube.ide.mcu.externaltools.gnu-tools-for-stm32.11.3.rel1.win32_1.1.1.202309131626/tools/bin/../lib/gcc/arm-none-eabi/11.3.1/../../../../arm-none-eabi/lib/thumb/v7e-m+fp/hard\libc_nano.a(libc_a-init.o)
 .ARM.attributes
                0x00000000000001ab       0x1e D:/ST/STM32CubeIDE_1.13.2/STM32CubeIDE/plugins/com.st.stm32cube.ide.mcu.externaltools.gnu-tools-for-stm32.11.3.rel1.win32_1.1.1.202309131626/tools/bin/../lib/gcc/arm-none-eabi/11.3.1/thumb/v7e-m+fp/hard/crtn.o
OUTPUT(Driver.elf elf32-littlearm)
LOAD linker stubs
LOAD D:/ST/STM32CubeIDE_1.13.2/STM32CubeIDE/plugins/com.st.stm32cube.ide.mcu.externaltools.gnu-tools-for-stm32.11.3.rel1.win32_1.1.1.202309131626/tools/bin/../lib/gcc/arm-none-eabi/11.3.1/../../../../arm-none-eabi/lib/thumb/v7e-m+fp/hard\libc.a
LOAD D:/ST/STM32CubeIDE_1.13.2/STM32CubeIDE/plugins/com.st.stm32cube.ide.mcu.externaltools.gnu-tools-for-stm32.11.3.rel1.win32_1.1.1.202309131626/tools/bin/../lib/gcc/arm-none-eabi/11.3.1/../../../../arm-none-eabi/lib/thumb/v7e-m+fp/hard\libm.a
LOAD D:/ST/STM32CubeIDE_1.13.2/STM32CubeIDE/plugins/com.st.stm32cube.ide.mcu.externaltools.gnu-tools-for-stm32.11.3.rel1.win32_1.1.1.202309131626/tools/bin/../lib/gcc/arm-none-eabi/11.3.1/thumb/v7e-m+fp/hard\libgcc.a

.comment        0x0000000000000000       0x43
 .comment       0x0000000000000000       0x43 D:/ST/STM32CubeIDE_1.13.2/STM32CubeIDE/plugins/com.st.stm32cube.ide.mcu.externaltools.gnu-tools-for-stm32.11.3.rel1.win32_1.1.1.202309131626/tools/bin/../lib/gcc/arm-none-eabi/11.3.1/thumb/v7e-m+fp/hard/crtbegin.o
                                         0x44 (size before relaxing)
 .comment       0x0000000000000043       0x44 ./CAN/CAN.o
 .comment       0x0000000000000043       0x44 ./GPIO/GPIO.o
 .comment       0x0000000000000043       0x44 ./SPI/SPI.o
 .comment       0x0000000000000043       0x44 ./Src/main.o
 .comment       0x0000000000000043       0x44 ./Src/system_stm32f4xx.o

.debug_info     0x0000000000000000     0x4e02
 .debug_info    0x0000000000000000     0x11c9 ./CAN/CAN.o
 .debug_info    0x00000000000011c9      0xdf1 ./GPIO/GPIO.o
 .debug_info    0x0000000000001fba     0x11a2 ./SPI/SPI.o
 .debug_info    0x000000000000315c     0x1778 ./Src/main.o
 .debug_info    0x00000000000048d4      0x50b ./Src/system_stm32f4xx.o
 .debug_info    0x0000000000004ddf       0x23 ./Startup/startup_stm32f407vetx.o

.debug_abbrev   0x0000000000000000      0xa0c
 .debug_abbrev  0x0000000000000000      0x26e ./CAN/CAN.o
 .debug_abbrev  0x000000000000026e      0x20f ./GPIO/GPIO.o
 .debug_abbrev  0x000000000000047d      0x1d9 ./SPI/SPI.o
 .debug_abbrev  0x0000000000000656      0x28a ./Src/main.o
 .debug_abbrev  0x00000000000008e0      0x11a ./Src/system_stm32f4xx.o
 .debug_abbrev  0x00000000000009fa       0x12 ./Startup/startup_stm32f407vetx.o

.debug_aranges  0x0000000000000000      0x200
 .debug_aranges
                0x0000000000000000       0xa8 ./CAN/CAN.o
 .debug_aranges
                0x00000000000000a8       0x58 ./GPIO/GPIO.o
 .debug_aranges
                0x0000000000000100       0x68 ./SPI/SPI.o
 .debug_aranges
                0x0000000000000168       0x48 ./Src/main.o
 .debug_aranges
                0x00000000000001b0       0x28 ./Src/system_stm32f4xx.o
 .debug_aranges
                0x00000000000001d8       0x28 ./Startup/startup_stm32f407vetx.o

.debug_rnglists
                0x0000000000000000      0x172
 .debug_rnglists
                0x0000000000000000       0x7f ./CAN/CAN.o
 .debug_rnglists
                0x000000000000007f       0x41 ./GPIO/GPIO.o
 .debug_rnglists
                0x00000000000000c0       0x4c ./SPI/SPI.o
 .debug_rnglists
                0x000000000000010c       0x33 ./Src/main.o
 .debug_rnglists
                0x000000000000013f       0x1a ./Src/system_stm32f4xx.o
 .debug_rnglists
                0x0000000000000159       0x19 ./Startup/startup_stm32f407vetx.o

.debug_macro    0x0000000000000000    0x19de9
 .debug_macro   0x0000000000000000      0x27d ./CAN/CAN.o
 .debug_macro   0x000000000000027d      0xaae ./CAN/CAN.o
 .debug_macro   0x0000000000000d2b       0x2f ./CAN/CAN.o
 .debug_macro   0x0000000000000d5a       0x22 ./CAN/CAN.o
 .debug_macro   0x0000000000000d7c       0x8e ./CAN/CAN.o
 .debug_macro   0x0000000000000e0a       0x51 ./CAN/CAN.o
 .debug_macro   0x0000000000000e5b      0x103 ./CAN/CAN.o
 .debug_macro   0x0000000000000f5e       0x6a ./CAN/CAN.o
 .debug_macro   0x0000000000000fc8      0x1df ./CAN/CAN.o
 .debug_macro   0x00000000000011a7       0x1c ./CAN/CAN.o
 .debug_macro   0x00000000000011c3       0x22 ./CAN/CAN.o
 .debug_macro   0x00000000000011e5       0xd9 ./CAN/CAN.o
 .debug_macro   0x00000000000012be     0x102d ./CAN/CAN.o
 .debug_macro   0x00000000000022eb      0x11f ./CAN/CAN.o
 .debug_macro   0x000000000000240a    0x15e89 ./CAN/CAN.o
 .debug_macro   0x0000000000018293       0x97 ./CAN/CAN.o
 .debug_macro   0x000000000001832a       0x61 ./CAN/CAN.o
 .debug_macro   0x000000000001838b       0x2a ./CAN/CAN.o
 .debug_macro   0x00000000000183b5       0x43 ./CAN/CAN.o
 .debug_macro   0x00000000000183f8       0x34 ./CAN/CAN.o
 .debug_macro   0x000000000001842c       0x16 ./CAN/CAN.o
 .debug_macro   0x0000000000018442       0x97 ./CAN/CAN.o
 .debug_macro   0x00000000000184d9      0x369 ./CAN/CAN.o
 .debug_macro   0x0000000000018842       0xfd ./CAN/CAN.o
 .debug_macro   0x000000000001893f       0x10 ./CAN/CAN.o
 .debug_macro   0x000000000001894f       0x16 ./CAN/CAN.o
 .debug_macro   0x0000000000018965       0x43 ./CAN/CAN.o
 .debug_macro   0x00000000000189a8       0x34 ./CAN/CAN.o
 .debug_macro   0x00000000000189dc       0x10 ./CAN/CAN.o
 .debug_macro   0x00000000000189ec       0x58 ./CAN/CAN.o
 .debug_macro   0x0000000000018a44       0x8e ./CAN/CAN.o
 .debug_macro   0x0000000000018ad2       0x1c ./CAN/CAN.o
 .debug_macro   0x0000000000018aee      0x177 ./CAN/CAN.o
 .debug_macro   0x0000000000018c65       0x16 ./CAN/CAN.o
 .debug_macro   0x0000000000018c7b       0x16 ./CAN/CAN.o
 .debug_macro   0x0000000000018c91      0x147 ./CAN/CAN.o
 .debug_macro   0x0000000000018dd8      0x19b ./CAN/CAN.o
 .debug_macro   0x0000000000018f73       0x10 ./CAN/CAN.o
 .debug_macro   0x0000000000018f83       0x35 ./CAN/CAN.o
 .debug_macro   0x0000000000018fb8      0x460 ./CAN/CAN.o
 .debug_macro   0x0000000000019418       0x16 ./CAN/CAN.o
 .debug_macro   0x000000000001942e       0x20 ./CAN/CAN.o
 .debug_macro   0x000000000001944e       0x16 ./CAN/CAN.o
 .debug_macro   0x0000000000019464       0x16 ./CAN/CAN.o
 .debug_macro   0x000000000001947a       0x29 ./CAN/CAN.o
 .debug_macro   0x00000000000194a3       0x4c ./CAN/CAN.o
 .debug_macro   0x00000000000194ef       0x22 ./CAN/CAN.o
 .debug_macro   0x0000000000019511      0x269 ./GPIO/GPIO.o
 .debug_macro   0x000000000001977a      0x27d ./SPI/SPI.o
 .debug_macro   0x00000000000199f7      0x27d ./Src/main.o
 .debug_macro   0x0000000000019c74       0xda ./Src/system_stm32f4xx.o
 .debug_macro   0x0000000000019d4e       0x2e ./Src/system_stm32f4xx.o
 .debug_macro   0x0000000000019d7c       0x6d ./Src/system_stm32f4xx.o

.debug_line     0x0000000000000000     0x38fc
 .debug_line    0x0000000000000000      0xd43 ./CAN/CAN.o
 .debug_line    0x0000000000000d43      0x8e4 ./GPIO/GPIO.o
 .debug_line    0x0000000000001627     0x1467 ./SPI/SPI.o
 .debug_line    0x0000000000002a8e      0x8c5 ./Src/main.o
 .debug_line    0x0000000000003353      0x52e ./Src/system_stm32f4xx.o
 .debug_line    0x0000000000003881       0x7b ./Startup/startup_stm32f407vetx.o

.debug_str      0x0000000000000000    0x8ea4e
 .debug_str     0x0000000000000000    0x8ddf8 ./CAN/CAN.o
                                      0x8e08f (size before relaxing)
 .debug_str     0x000000000008ddf8      0x614 ./GPIO/GPIO.o
                                      0x8e03f (size before relaxing)
 .debug_str     0x000000000008e40c      0x4a2 ./SPI/SPI.o
                                      0x8dee2 (size before relaxing)
 .debug_str     0x000000000008e8ae       0xd8 ./Src/main.o
                                      0x8e4be (size before relaxing)
 .debug_str     0x000000000008e986       0x99 ./Src/system_stm32f4xx.o
                                      0x882bf (size before relaxing)
 .debug_str     0x000000000008ea1f       0x2f ./Startup/startup_stm32f407vetx.o
                                         0x52 (size before relaxing)

.debug_frame    0x0000000000000000      0x6f0
 .debug_frame   0x0000000000000000      0x2a0 ./CAN/CAN.o
 .debug_frame   0x00000000000002a0      0x148 ./GPIO/GPIO.o
 .debug_frame   0x00000000000003e8      0x19c ./SPI/SPI.o
 .debug_frame   0x0000000000000584       0xe8 ./Src/main.o
 .debug_frame   0x000000000000066c       0x58 ./Src/system_stm32f4xx.o
 .debug_frame   0x00000000000006c4       0x2c D:/ST/STM32CubeIDE_1.13.2/STM32CubeIDE/plugins/com.st.stm32cube.ide.mcu.externaltools.gnu-tools-for-stm32.11.3.rel1.win32_1.1.1.202309131626/tools/bin/../lib/gcc/arm-none-eabi/11.3.1/../../../../arm-none-eabi/lib/thumb/v7e-m+fp/hard\libc_nano.a(libc_a-init.o)

.debug_line_str
                0x0000000000000000       0x46
 .debug_line_str
                0x0000000000000000       0x46 ./Startup/startup_stm32f407vetx.o
                                         0x5e (size before relaxing)
